[backblue.gif]
[fade.gif]
[index.html]
[www.clubkonnect.com/css/bootstrap.min.css]
[www.clubkonnect.com/css/style6978.css]
[www.clubkonnect.com/css/font-awesome.min.css]
[www.clubkonnect.com/css/fontello.css]
[www.clubkonnect.com/css/animsition.min.css]
[www.clubkonnect.com/css/owl.theme.css]
[www.clubkonnect.com/images/logo-connect.png]
[www.clubkonnect.com/images/clubkonnect_image-50.jpg]
[www.clubkonnect.com/images/home_banner_1.jpg]
[www.clubkonnect.com/images/home_banner_2.jpg]
[www.clubkonnect.com/images/getit-on-playstore.png]
[www.clubkonnect.com/images/getit-on-appstore.png]
[www.clubkonnect.com/images/clubkonnect/mtn.png]
[www.clubkonnect.com/images/clubkonnect/glo.png]
[www.clubkonnect.com/images/clubkonnect/etisalat.png]
[www.clubkonnect.com/images/clubkonnect/airtel.png]
[www.clubkonnect.com/images/clubkonnect/smile.png]
[www.clubkonnect.com/images/clubKonnect/spectranet.png]
[www.clubkonnect.com/images/clubkonnect/databundle.png]
[www.clubkonnect.com/images/clubkonnect/airtime.png]
[www.clubkonnect.com/images/clubkonnect/cabletv.jpg]
[www.clubkonnect.com/images/clubkonnect/electricity.jpg]
[www.clubkonnect.com/images/clubkonnect/recharge-card-printing.png]
[www.clubkonnect.com/js/jquery.min.js]
[www.clubkonnect.com/js/bootstrap.min.js]
[www.clubkonnect.com/js/menumaker.js]
[www.clubkonnect.com/js/animsition.js]
[www.clubkonnect.com/js/animsition-script.js]
[www.clubkonnect.com/js/jquery.sticky.js]
[www.clubkonnect.com/js/sticky-header.js]
[www.clubkonnect.com/js/owl.carousel.min.js]
[www.clubkonnect.com/js/slider-carousel.js]
[www.clubkonnect.com/js/service-carousel.js]
[www.clubkonnect.com/js/accordion.js]
[www.clubkonnect.com/js/back-to-top.js]
[www.clubkonnect.com/index.html]
[www.clubkonnect.com/fonts/glyphicons-halflings-regular.eot]
[www.clubkonnect.com/fonts/glyphicons-halflings-regulard41dd41d.eot]
[www.clubkonnect.com/fonts/glyphicons-halflings-regular.woff]
[www.clubkonnect.com/fonts/glyphicons-halflings-regular.ttf]
[www.clubkonnect.com/css/bootstrap.min.css]
[www.clubkonnect.com/images/cta-img.jpg]
[www.clubkonnect.com/images/clubkonnect_image.jpg]
[www.clubkonnect.com/images/home-loan-lp.jpg]
[www.clubkonnect.com/css/style6978.css]
[www.clubkonnect.com/fonts/fontawesome-webfont5b625b62.eot]
[www.clubkonnect.com/fonts/fontawesome-webfontd41dd41d.eot]
[www.clubkonnect.com/fonts/fontawesome-webfont5b625b62.html]
[www.clubkonnect.com/fonts/fontawesome-webfont5b625b62.woff]
[www.clubkonnect.com/fonts/fontawesome-webfont5b625b62.ttf]
[www.clubkonnect.com/css/font-awesome.min.css]
[www.clubkonnect.com/fonts/fontellof887f887.eot]
[www.clubkonnect.com/fonts/fontellof887f887.html]
[www.clubkonnect.com/fonts/fontellof887f887.woff]
[www.clubkonnect.com/fonts/fontellof887f887.ttf]
[www.clubkonnect.com/css/fontello.css]
[www.clubkonnect.com/css/animsition.min.css]
[www.clubkonnect.com/css/owl.carousel.css]
[www.clubkonnect.com/css/owl.theme.css]
[www.clubkonnect.com/ContactUs.html]
[www.clubkonnect.com/images/loader.gif]
[www.clubkonnect.com/Register.html]
[www.clubkonnect.com/LogIn.html]
[www.clubkonnect.com/Loginae36.html]
[www.clubkonnect.com/Login4b1c.html]
[www.clubkonnect.com/Login5774.html]
[www.clubkonnect.com/CompensationPlan.png]
[www.clubkonnect.com/CompensationPlan.html]
[www.clubkonnect.com/APIDocs.html]
[www.clubkonnect.com/Default.html]
[www.clubkonnect.com/BuyAirtime.html]
[www.clubkonnect.com/Buy.html]
[www.clubkonnect.com/Loginea93.html]
[www.clubkonnect.com/Login4823.html]
[www.clubkonnect.com/Login2f02.html]
[www.clubkonnect.com/Login9919.html]
[www.clubkonnect.com/Login11b0.html]
[www.clubkonnect.com/Login08fa.html]
[www.clubkonnect.com/Logind757.html]
[www.clubkonnect.com/Logina6a2.html]
[www.clubkonnect.com/Login-2.html]
[www.clubkonnect.com/buy-2.html]
[www.clubkonnect.com/buyairtime-2.html]
[www.clubkonnect.com/buyacbletv.html]
[www.clubkonnect.com/Loginf641.html]
[www.clubkonnect.com/Login6319.html]
[www.clubkonnect.com/contactus-2.html]
[www.clubkonnect.com/TermsAndCondition.html]
[www.clubkonnect.com/PrivacyPolicy.html]
[www.clubkonnect.com/fonts/glyphicons-halflings-regular.html]
[www.clubkonnect.com/fonts/glyphicons-halflings-regular.svg]
[www.clubkonnect.com/images/cd-top-arrow.svg]
[www.clubkonnect.com/fonts/fontawesome-webfont5b625b62.html]
[www.clubkonnect.com/fonts/fontawesome-webfont5b625b62.svg]
[www.clubkonnect.com/fonts/fontellof887f887.html]
[www.clubkonnect.com/fonts/fontellof887f887.svg]
[www.google-analytics.com/analytics.js]
[www.clubkonnect.com/css/grabbing.html]
[www.clubkonnect.com/css/AjaxLoader.html]
[www.clubkonnect.com/Login607a.html]
[www.clubkonnect.com/Login373a.html]
[www.clubkonnect.com/Loginb4da.html]
[www.clubkonnect.com/Loginf4ff.html]
[www.clubkonnect.com/Login536e.html]
[www.clubkonnect.com/Login9cef.html]
[www.clubkonnect.com/TernsAndCondition.html]
[www.clubkonnect.com/ConfirmEmail.html]
[www.clubkonnect.com/Login3715.html]
[www.clubkonnect.com/Loginf9e5.html]
[www.clubkonnect.com/Login5af0.html]
[www.clubkonnect.com/Loginf28d.html]
[www.clubkonnect.com/Login0b24.html]
[www.clubkonnect.com/Login11f4.html]
[www.clubkonnect.com/Logine06b.html]
[www.clubkonnect.com/Loginb909.html]
[www.clubkonnect.com/Login15fe.html]
[www.clubkonnect.com/APIParaGetDisputeResolutionV1.html]
[www.clubkonnect.com/Loginb8a1.html]
[www.clubkonnect.com/TernsAndConditionsBuyMultiple.html]
[www.clubkonnect.com/Login47fd.html]
[www.clubkonnect.com/UserAgreement.html]
[www.clubkonnect.com/css/main_navigation.html]
[www.clubkonnect.com/AboutUs.html]
[www.clubkonnect.com/TransferBankAccount.html]
[www.clubkonnect.com/BuyAirTime-3.html]
[www.clubkonnect.com/BuyBulkSMS.html]
[jituchauhan.com/wp-content/themes/jituchauhan/css/bootstrap.min7433.css]
[jituchauhan.com/wp-content/themes/jituchauhan/style125b.css]
[jituchauhan.com/wp-includes/js/jquery/jqueryb8ff.js]
[jituchauhan.com/wp-includes/js/jquery/jquery-migrate.min330a.js]
[jituchauhan.com/wp-content/plugins/template-help-featured-templates/css/style.css]
[jituchauhan.com/wp-content/plugins/template-help-featured-templates/css/preview.css]
[jituchauhan.com/wp-content/themes/jituchauhan/js/bootstrap.min7433.js]
[jituchauhan.com/wp-content/themes/jituchauhan/js/navigation4a7d.js]
[jituchauhan.com/wp-content/themes/jituchauhan/js/skip-link-focus-fix4a7d.js]
[jituchauhan.com/wp-includes/js/wp-embed.min125b.js]
[www/Assets/top_right.gif]
